// Jest Snapshot v1, https://goo.gl/fbAQLP

exports[`visitCommentNode matches snapshot 1`] = `
Array [
  "  -> #comment",
  "  <- #comment",
]
`;

exports[`visitDocument matches snapshot 1`] = `
Array [
  "-> #document",
  "<- #document",
]
`;

exports[`visitDocumentFragment matches snapshot 1`] = `
Array [
  "-> #document-fragment",
  "<- #document-fragment",
]
`;

exports[`visitDocumentType matches snapshot 1`] = `
Array [
  "-> #documentType",
  "<- #documentType",
]
`;

exports[`visitElement matches snapshot 1`] = `
Array [
  "  -> html",
  "    -> head",
  "    <- head",
  "    -> body",
  "      -> h1",
  "      <- h1",
  "      -> p",
  "      <- p",
  "    <- body",
  "  <- html",
]
`;

exports[`visitTextNode matches snapshot 1`] = `
Array [
  "  -> #text",
  "  <- #text",
  "  -> #text",
  "  <- #text",
]
`;
